// Jest Snapshot v1, https://goo.gl/fbAQLP

exports[`renders correctly 1`] = `
<div>
  404 - this page is not found Do we have a design for this?
</div>
`;
