// Jest Snapshot v1, https://goo.gl/fbAQLP

exports[`renders correctly 1`] = `
<AppBar
  iconElementLeft={
    <IconMenu
      anchorOrigin={
        Object {
          "horizontal": "left",
          "vertical": "top",
        }
      }
      animated={true}
      clickCloseDelay={200}
      iconButtonElement={
        <IconButton
          disableTouchRipple={false}
          disabled={false}
          iconStyle={Object {}}
          tooltipPosition="bottom-center"
          touch={false}
        >
          <NavigationMenu />
        </IconButton>
      }
      multiple={false}
      onClick={[Function]}
      onItemClick={[Function]}
      onKeyboardFocus={[Function]}
      onMouseDown={[Function]}
      onMouseEnter={[Function]}
      onMouseLeave={[Function]}
      onMouseUp={[Function]}
      onRequestChange={[Function]}
      open={null}
      targetOrigin={
        Object {
          "horizontal": "left",
          "vertical": "top",
        }
      }
      useLayerForClickAway={false}
    >
      <MenuItem
        anchorOrigin={
          Object {
            "horizontal": "right",
            "vertical": "top",
          }
        }
        checked={false}
        desktop={false}
        disabled={false}
        focusState="none"
        insetChildren={false}
        primaryText="About us"
        targetOrigin={
          Object {
            "horizontal": "left",
            "vertical": "top",
          }
        }
      />
      <MenuItem
        anchorOrigin={
          Object {
            "horizontal": "right",
            "vertical": "top",
          }
        }
        checked={false}
        desktop={false}
        disabled={false}
        focusState="none"
        insetChildren={false}
        primaryText="Create Account"
        targetOrigin={
          Object {
            "horizontal": "left",
            "vertical": "top",
          }
        }
      />
      <MenuItem
        anchorOrigin={
          Object {
            "horizontal": "right",
            "vertical": "top",
          }
        }
        checked={false}
        desktop={false}
        disabled={false}
        focusState="none"
        insetChildren={false}
        primaryText="Login"
        targetOrigin={
          Object {
            "horizontal": "left",
            "vertical": "top",
          }
        }
      />
    </IconMenu>
  }
  showMenuIconButton={true}
  title="Team Real Time"
  zDepth={1}
/>
`;
